crypto/openssh/
secure/lib/libssh/
secure/libexec/sftp-server/
secure/libexec/ssh-keysign/
secure/libexec/ssh-pkcs11-helper/
secure/libexec/ssh-sk-helper/
secure/libexec/sshd-auth/
secure/libexec/sshd-session/
secure/usr.bin/scp/
secure/usr.bin/sftp/
secure/usr.bin/ssh/
secure/usr.bin/ssh-add/
secure/usr.bin/ssh-agent/
secure/usr.bin/ssh-keygen/
secure/usr.bin/ssh-keyscan/
secure/usr.sbin/sshd/
sys/dev/aq/
sys/dev/mgb/
sys/dev/usb/net/if_muge.c
sys/dev/usb/net/if_mugereg.h
sys/dev/usb/video/
sys/sys/elf_common.h

